Archive member included to satisfy reference by file (symbol)

D:/Regression/Toolchain/GNUARM_13.2.1/bin/../lib/gcc/arm-none-eabi/13.2.1/thumb/v8-m.main+fp/hard\libg_nano.a(libc_a-exit.o)
                              D:/Regression/Toolchain/GNUARM_13.2.1/bin/../lib/gcc/arm-none-eabi/13.2.1/thumb/v8-m.main+fp/hard/crt0.o (exit)
D:/Regression/Toolchain/GNUARM_13.2.1/bin/../lib/gcc/arm-none-eabi/13.2.1/thumb/v8-m.main+fp/hard\libg_nano.a(libc_a-findfp.o)
                              D:/Regression/Toolchain/GNUARM_13.2.1/bin/../lib/gcc/arm-none-eabi/13.2.1/thumb/v8-m.main+fp/hard\libg_nano.a(libc_a-exit.o) (__stdio_exit_handler)
D:/Regression/Toolchain/GNUARM_13.2.1/bin/../lib/gcc/arm-none-eabi/13.2.1/thumb/v8-m.main+fp/hard\libg_nano.a(libc_a-fwalk.o)
                              D:/Regression/Toolchain/GNUARM_13.2.1/bin/../lib/gcc/arm-none-eabi/13.2.1/thumb/v8-m.main+fp/hard\libg_nano.a(libc_a-findfp.o) (_fwalk_sglue)
D:/Regression/Toolchain/GNUARM_13.2.1/bin/../lib/gcc/arm-none-eabi/13.2.1/thumb/v8-m.main+fp/hard\libg_nano.a(libc_a-stdio.o)
                              D:/Regression/Toolchain/GNUARM_13.2.1/bin/../lib/gcc/arm-none-eabi/13.2.1/thumb/v8-m.main+fp/hard\libg_nano.a(libc_a-findfp.o) (__sread)
D:/Regression/Toolchain/GNUARM_13.2.1/bin/../lib/gcc/arm-none-eabi/13.2.1/thumb/v8-m.main+fp/hard\libg_nano.a(libc_a-memset.o)
                              D:/Regression/Toolchain/GNUARM_13.2.1/bin/../lib/gcc/arm-none-eabi/13.2.1/thumb/v8-m.main+fp/hard/crt0.o (memset)
D:/Regression/Toolchain/GNUARM_13.2.1/bin/../lib/gcc/arm-none-eabi/13.2.1/thumb/v8-m.main+fp/hard\libg_nano.a(libc_a-closer.o)
                              D:/Regression/Toolchain/GNUARM_13.2.1/bin/../lib/gcc/arm-none-eabi/13.2.1/thumb/v8-m.main+fp/hard\libg_nano.a(libc_a-stdio.o) (_close_r)
D:/Regression/Toolchain/GNUARM_13.2.1/bin/../lib/gcc/arm-none-eabi/13.2.1/thumb/v8-m.main+fp/hard\libg_nano.a(libc_a-reent.o)
                              D:/Regression/Toolchain/GNUARM_13.2.1/bin/../lib/gcc/arm-none-eabi/13.2.1/thumb/v8-m.main+fp/hard\libg_nano.a(libc_a-closer.o) (errno)
D:/Regression/Toolchain/GNUARM_13.2.1/bin/../lib/gcc/arm-none-eabi/13.2.1/thumb/v8-m.main+fp/hard\libg_nano.a(libc_a-impure.o)
                              D:/Regression/Toolchain/GNUARM_13.2.1/bin/../lib/gcc/arm-none-eabi/13.2.1/thumb/v8-m.main+fp/hard\libg_nano.a(libc_a-reent.o) (_impure_ptr)
D:/Regression/Toolchain/GNUARM_13.2.1/bin/../lib/gcc/arm-none-eabi/13.2.1/thumb/v8-m.main+fp/hard\libg_nano.a(libc_a-lseekr.o)
                              D:/Regression/Toolchain/GNUARM_13.2.1/bin/../lib/gcc/arm-none-eabi/13.2.1/thumb/v8-m.main+fp/hard\libg_nano.a(libc_a-stdio.o) (_lseek_r)
D:/Regression/Toolchain/GNUARM_13.2.1/bin/../lib/gcc/arm-none-eabi/13.2.1/thumb/v8-m.main+fp/hard\libg_nano.a(libc_a-readr.o)
                              D:/Regression/Toolchain/GNUARM_13.2.1/bin/../lib/gcc/arm-none-eabi/13.2.1/thumb/v8-m.main+fp/hard\libg_nano.a(libc_a-stdio.o) (_read_r)
D:/Regression/Toolchain/GNUARM_13.2.1/bin/../lib/gcc/arm-none-eabi/13.2.1/thumb/v8-m.main+fp/hard\libg_nano.a(libc_a-writer.o)
                              D:/Regression/Toolchain/GNUARM_13.2.1/bin/../lib/gcc/arm-none-eabi/13.2.1/thumb/v8-m.main+fp/hard\libg_nano.a(libc_a-stdio.o) (_write_r)
D:/Regression/Toolchain/GNUARM_13.2.1/bin/../lib/gcc/arm-none-eabi/13.2.1/thumb/v8-m.main+fp/hard\libg_nano.a(libc_a-errno.o)
                              ./ra/fsp/src/bsp/mcu/all/bsp_sbrk.o (__errno)
D:/Regression/Toolchain/GNUARM_13.2.1/bin/../lib/gcc/arm-none-eabi/13.2.1/thumb/v8-m.main+fp/hard\libg_nano.a(libc_a-init.o)
                              D:/Regression/Toolchain/GNUARM_13.2.1/bin/../lib/gcc/arm-none-eabi/13.2.1/thumb/v8-m.main+fp/hard/crt0.o (__libc_init_array)
D:/Regression/Toolchain/GNUARM_13.2.1/bin/../lib/gcc/arm-none-eabi/13.2.1/thumb/v8-m.main+fp/hard\libg_nano.a(libc_a-lock.o)
                              D:/Regression/Toolchain/GNUARM_13.2.1/bin/../lib/gcc/arm-none-eabi/13.2.1/thumb/v8-m.main+fp/hard\libg_nano.a(libc_a-findfp.o) (__retarget_lock_init_recursive)
D:/Regression/Toolchain/GNUARM_13.2.1/bin/../lib/gcc/arm-none-eabi/13.2.1/thumb/v8-m.main+fp/hard\libg_nano.a(libc_a-memcpy-stub.o)
                              ./ra/fsp/src/bsp/cmsis/Device/RENESAS/Source/system.o (memcpy)
D:/Regression/Toolchain/GNUARM_13.2.1/bin/../lib/gcc/arm-none-eabi/13.2.1/thumb/v8-m.main+fp/hard\libg_nano.a(libc_a-freer.o)
                              D:/Regression/Toolchain/GNUARM_13.2.1/bin/../lib/gcc/arm-none-eabi/13.2.1/thumb/v8-m.main+fp/hard\libg_nano.a(libc_a-reent.o) (_free_r)
D:/Regression/Toolchain/GNUARM_13.2.1/bin/../lib/gcc/arm-none-eabi/13.2.1/thumb/v8-m.main+fp/hard\libg_nano.a(libc_a-mallocr.o)
                              D:/Regression/Toolchain/GNUARM_13.2.1/bin/../lib/gcc/arm-none-eabi/13.2.1/thumb/v8-m.main+fp/hard\libg_nano.a(libc_a-findfp.o) (_malloc_r)
D:/Regression/Toolchain/GNUARM_13.2.1/bin/../lib/gcc/arm-none-eabi/13.2.1/thumb/v8-m.main+fp/hard\libg_nano.a(libc_a-mlock.o)
[...]
Memory Configuration

Name             Origin             Length             Attributes
RAM              0x20000000         0x00040000         xrw
FLASH            0x00000000         0x00100000         xr
DATA_FLASH       0x08000000         0x00002000         xr
QSPI_FLASH       0x60000000         0x04000000         xr
OSPI0_CS0        0x68000000         0x08000000         xrw
OSPI0_CS1        0x70000000         0x10000000         xr
OPTION_SETTING_OFS0 0x0100a100         0x00000004         r
OPTION_SETTING_DUALSEL 0x0100a110         0x00000004         r
OPTION_SETTING_OFS1 0x0100a180         0x00000004         r
OPTION_SETTING_BANKSEL 0x0100a190         0x00000004         r
OPTION_SETTING_BPS 0x0100a1c0         0x0000000c         r
OPTION_SETTING_PBPS 0x0100a1e0         0x0000000c         r
OPTION_SETTING_OFS1_SEC 0x0100a200         0x00000004         r
OPTION_SETTING_BANKSEL_SEC 0x0100a210         0x00000004         r
OPTION_SETTING_BPS_SEC 0x0100a240         0x0000000c         r
OPTION_SETTING_PBPS_SEC 0x0100a260         0x0000000c         r
OPTION_SETTING_OFS1_SEL 0x0100a280         0x00000004         r
OPTION_SETTING_BANKSEL_SEL 0x0100a290         0x00000004         r
OPTION_SETTING_BPS_SEL 0x0100a2c0         0x0000000c         r
*default*        0x00000000         0xffffffff

Linker script and memory map

LOAD D:/Regression/Toolchain/GNUARM_13.2.1/bin/../lib/gcc/arm-none-eabi/13.2.1/thumb/v8-m.main+fp/hard/crti.o
LOAD D:/Regression/Toolchain/GNUARM_13.2.1/bin/../lib/gcc/arm-none-eabi/13.2.1/thumb/v8-m.main+fp/hard/crtbegin.o
LOAD D:/Regression/Toolchain/GNUARM_13.2.1/bin/../lib/gcc/arm-none-eabi/13.2.1/thumb/v8-m.main+fp/hard/crt0.o
LOAD ./src/hal_entry.o
LOAD ./src/hal_warmstart.o
LOAD ./ra_gen/common_data.o
LOAD ./ra_gen/hal_data.o
LOAD ./ra_gen/main.o
LOAD ./ra_gen/pin_data.o
LOAD ./ra_gen/vector_data.o
LOAD ./ra/fsp/src/r_ioport/r_ioport.o
LOAD ./ra/fsp/src/bsp/mcu/ra6m4/bsp_linker.o
LOAD ./ra/fsp/src/bsp/mcu/all/bsp_clocks.o
LOAD ./ra/fsp/src/bsp/mcu/all/bsp_common.o
LOAD ./ra/fsp/src/bsp/mcu/all/bsp_delay.o
LOAD ./ra/fsp/src/bsp/mcu/all/bsp_group_irq.o
LOAD ./ra/fsp/src/bsp/mcu/all/bsp_guard.o
LOAD ./ra/fsp/src/bsp/mcu/all/bsp_io.o
LOAD ./ra/fsp/src/bsp/mcu/all/bsp_ipc.o
LOAD ./ra/fsp/src/bsp/mcu/all/bsp_irq.o
LOAD ./ra/fsp/src/bsp/mcu/all/bsp_macl.o
LOAD ./ra/fsp/src/bsp/mcu/all/bsp_ospi_b.o
LOAD ./ra/fsp/src/bsp/mcu/all/bsp_register_protection.o
LOAD ./ra/fsp/src/bsp/mcu/all/bsp_sbrk.o
LOAD ./ra/fsp/src/bsp/mcu/all/bsp_sdram.o
LOAD ./ra/fsp/src/bsp/mcu/all/bsp_security.o
LOAD ./ra/fsp/src/bsp/cmsis/Device/RENESAS/Source/startup.o
LOAD ./ra/fsp/src/bsp/cmsis/Device/RENESAS/Source/system.o
LOAD ./ra/board/ra6m4_ek/board_init.o
LOAD ./ra/board/ra6m4_ek/board_leds.o
START GROUP
LOAD D:/Regression/Toolchain/GNUARM_13.2.1/bin/../lib/gcc/arm-none-eabi/13.2.1/thumb/v8-m.main+fp/hard\libgcc.a
LOAD D:/Regression/Toolchain/GNUARM_13.2.1/bin/../lib/gcc/arm-none-eabi/13.2.1/thumb/v8-m.main+fp/hard\libg_nano.a
LOAD D:/Regression/Toolchain/GNUARM_13.2.1/bin/../lib/gcc/arm-none-eabi/13.2.1/thumb/v8-m.main+fp/hard\libc_nano.a
END GROUP
START GROUP
LOAD D:/Regression/Toolchain/GNUARM_13.2.1/bin/../lib/gcc/arm-none-eabi/13.2.1/thumb/v8-m.main+fp/hard\libgcc.a
LOAD D:/Regression/Toolchain/GNUARM_13.2.1/bin/../lib/gcc/arm-none-eabi/13.2.1/thumb/v8-m.main+fp/hard\libc_nano.a
END GROUP
LOAD D:/Regression/Toolchain/GNUARM_13.2.1/bin/../lib/gcc/arm-none-eabi/13.2.1/thumb/v8-m.main+fp/hard/crtend.o
LOAD D:/Regression/Toolchain/GNUARM_13.2.1/bin/../lib/gcc/arm-none-eabi/13.2.1/thumb/v8-m.main+fp/hard/crtn.o
                0x20000000                        RAM_START = 0x20000000
                0x00040000                        RAM_LENGTH = 0x40000
                0x00000000                        FLASH_START = 0x0
                0x00100000                        FLASH_LENGTH = 0x100000
                0x08000000                        DATA_FLASH_START = 0x8000000
                0x00002000                        DATA_FLASH_LENGTH = 0x2000
                0x60000000                        QSPI_FLASH_START = 0x60000000
                0x04000000                        QSPI_FLASH_LENGTH = 0x4000000
                0x68000000                        OSPI0_CS0_START = 0x68000000
                0x08000000                        OSPI0_CS0_LENGTH = 0x8000000
                0x70000000                        OSPI0_CS1_START = 0x70000000
                0x10000000                        OSPI0_CS1_LENGTH = 0x10000000
                0x0100a100                        OPTION_SETTING_OFS0_START = 0x100a100
                0x00000004                        OPTION_SETTING_OFS0_LENGTH = 0x4
                0x0100a110                        OPTION_SETTING_DUALSEL_START = 0x100a110
                0x00000004                        OPTION_SETTING_DUALSEL_LENGTH = 0x4
                0x0100a180                        OPTION_SETTING_OFS1_START = 0x100a180
                0x00000004                        OPTION_SETTING_OFS1_LENGTH = 0x4
                0x0100a190                        OPTION_SETTING_BANKSEL_START = 0x100a190
                0x00000004                        OPTION_SETTING_BANKSEL_LENGTH = 0x4
                0x0100a1c0                        OPTION_SETTING_BPS_START = 0x100a1c0
                0x0000000c                        OPTION_SETTING_BPS_LENGTH = 0xc
                0x0100a1e0                        OPTION_SETTING_PBPS_START = 0x100a1e0
                0x0000000c                        OPTION_SETTING_PBPS_LENGTH = 0xc
                0x0100a200                        OPTION_SETTING_OFS1_SEC_START = 0x100a200
                0x00000004                        OPTION_SETTING_OFS1_SEC_LENGTH = 0x4
                0x0100a210                        OPTION_SETTING_BANKSEL_SEC_START = 0x100a210
                0x00000004                        OPTION_SETTING_BANKSEL_SEC_LENGTH = 0x4
                0x0100a240                        OPTION_SETTING_BPS_SEC_START = 0x100a240
                0x0000000c                        OPTION_SETTING_BPS_SEC_LENGTH = 0xc
                0x0100a260                        OPTION_SETTING_PBPS_SEC_START = 0x100a260
                0x0000000c                        OPTION_SETTING_PBPS_SEC_LENGTH = 0xc
                0x0100a280                        OPTION_SETTING_OFS1_SEL_START = 0x100a280
                0x00000004                        OPTION_SETTING_OFS1_SEL_LENGTH = 0x4
                0x0100a290                        OPTION_SETTING_BANKSEL_SEL_START = 0x100a290
                0x00000004                        OPTION_SETTING_BANKSEL_SEL_LENGTH = 0x4
                0x0100a2c0                        OPTION_SETTING_BPS_SEL_START = 0x100a2c0
                0x0000000c                        OPTION_SETTING_BPS_SEL_LENGTH = 0xc
START GROUP
LOAD D:/Regression/Toolchain/GNUARM_13.2.1/bin/../lib/gcc/arm-none-eabi/13.2.1/thumb/v8-m.main+fp/hard\libgcc.a
LOAD D:/Regression/Toolchain/GNUARM_13.2.1/bin/../lib/gcc/arm-none-eabi/13.2.1/thumb/v8-m.main+fp/hard\libc.a
LOAD D:/Regression/Toolchain/GNUARM_13.2.1/bin/../lib/gcc/arm-none-eabi/13.2.1/thumb/v8-m.main+fp/hard\libm.a
END GROUP

.qspi_flash.startof
                0x60000000        0x0
                0x60000000                        __ddsc_QSPI_FLASH_START = .

.ospi0_cs0.startof
                0x68000000        0x0
                0x68000000                        __ddsc_OSPI0_CS0_START = .

__ospi0_cs0_from_qspi_flash$$
                0x68000000        0x0 load address 0x60000000
                0x68000000                        __ospi0_cs0_from_qspi_flash$$Base = .
                0x60000000                        __ospi0_cs0_from_qspi_flash$$Load = LOADADDR (__ospi0_cs0_from_qspi_flash$$)
 *(.ospi0_cs0_from_qspi_flash)
 *(.ospi0_cs0_code_from_qspi_flash)
                0x68000000                        __ospi0_cs0_from_qspi_flash$$Limit = .

.ram.startof    0x20000000        0x0
                0x20000000                        __ddsc_RAM_START = .

__ram_dtc_vector$$
                0x20000000        0x0
                0x20000000                        __ram_dtc_vector$$Base = .
 *(.fsp_dtc_vector_table)
                0x20000000                        __ram_dtc_vector$$Limit = .

__ram_from_qspi_flash$$
                0x20000000        0x0 load address 0x60000000
                0x20000000                        __ram_from_qspi_flash$$Base = .
                0x60000000                        __ram_from_qspi_flash$$Load = LOADADDR (__ram_from_qspi_flash$$)
 *(.ram_from_qspi_flash)
 *(.ram_code_from_qspi_flash)
                0x20000000                        __ram_from_qspi_flash$$Limit = .

__qspi_flash_readonly$$
                0x60000000        0x0
                0x60000000                        __qspi_flash_readonly$$Base = .
 *(.qspi_flash)
 *(.qspi_flash_code)
                0x60000000                        __qspi_flash_readonly$$Limit = .

__qspi_flash_noinit$$
                0x60000000        0x0
                0x60000000                        __qspi_flash_noinit$$Base = .
 *(.qspi_flash_noinit)
                0x60000000                        __qspi_flash_noinit$$Limit = .

.qspi_flash.endof
                0x60000000        0x0
                0x60000000                        __ddsc_QSPI_FLASH_END = .

.ospi0_cs1.startof
                0x70000000        0x0
                0x70000000                        __ddsc_OSPI0_CS1_START = .

__ospi0_cs0_from_ospi0_cs1$$
                0x68000000        0x0 load address 0x70000000
                0x68000000                        __ospi0_cs0_from_ospi0_cs1$$Base = .
                0x70000000                        __ospi0_cs0_from_ospi0_cs1$$Load = LOADADDR (__ospi0_cs0_from_ospi0_cs1$$)
 *(.ospi0_cs0_from_ospi0_cs1)
 *(.ospi0_cs0_code_from_ospi0_cs1)
                0x68000000                        __ospi0_cs0_from_ospi0_cs1$$Limit = .

__ram_from_ospi0_cs1$$
                0x20000000        0x0 load address 0x70000000
                0x20000000                        __ram_from_ospi0_cs1$$Base = .
                0x70000000                        __ram_from_ospi0_cs1$$Load = LOADADDR (__ram_from_ospi0_cs1$$)
 *(.ram_from_ospi0_cs1)
 *(.ram_code_from_ospi0_cs1)
                0x20000000                        __ram_from_ospi0_cs1$$Limit = .

__ospi0_cs1_readonly$$
                0x70000000        0x0
                0x70000000                        __ospi0_cs1_readonly$$Base = .
 *(.ospi0_cs1)
 *(.ospi0_cs1_code)
                0x70000000                        __ospi0_cs1_readonly$$Limit = .

__ospi0_cs1_noinit$$
                0x70000000        0x0
                0x70000000                        __ospi0_cs1_noinit$$Base = .
 *(.ospi0_cs1_noinit)
                0x70000000                        __ospi0_cs1_noinit$$Limit = .

.ospi0_cs1.endof
                0x70000000        0x0
                0x70000000                        __ddsc_OSPI0_CS1_END = .

.data_flash.startof
                0x08000000        0x0
                0x08000000                        __ddsc_DATA_FLASH_START = .

__ospi0_cs0_from_data_flash$$
                0x68000000        0x0 load address 0x08000000
                0x68000000                        __ospi0_cs0_from_data_flash$$Base = .
                0x08000000                        __ospi0_cs0_from_data_flash$$Load = LOADADDR (__ospi0_cs0_from_data_flash$$)
 *(.ospi0_cs0_from_data_flash)
 *(.ospi0_cs0_code_from_data_flash)
                0x68000000                        __ospi0_cs0_from_data_flash$$Limit = .

__ram_from_data_flash$$
                0x20000000        0x0 load address 0x08000000
                0x20000000                        __ram_from_data_flash$$Base = .
                0x08000000                        __ram_from_data_flash$$Load = LOADADDR (__ram_from_data_flash$$)
 *(.ram_from_data_flash)
 *(.ram_code_from_data_flash)
                0x20000000                        __ram_from_data_flash$$Limit = .

__data_flash_readonly$$
                0x08000000        0x0
                0x08000000                        __data_flash_readonly$$Base = .
 *(.data_flash)
 *(.data_flash_code)
                0x08000000                        __data_flash_readonly$$Limit = .

__data_flash_noinit$$
                0x08000000        0x0
                0x08000000                        __data_flash_noinit$$Base = .
 *(.data_flash_noinit)
                0x08000000                        __data_flash_noinit$$Limit = .

.data_flash.endof
                0x08000000        0x0
                0x08000000                        __ddsc_DATA_FLASH_END = .

.flash.startof  0x00000000        0x0
                0x00000000                        __ddsc_FLASH_START = .

__flash_vectors$$
                0x00000000       0x40
                0x00000000                        __flash_vectors$$Base = .
                0x00000000                        _VECTORS = .
 *(.fixed_vectors)
 .fixed_vectors
                0x00000000       0x40 ./ra/fsp/src/bsp/cmsis/Device/RENESAS/Source/startup.o
                0x00000000                __Vectors
 *(.application_vectors)
                0x00000040                        __flash_vectors$$Limit = .

__flash_noinit$$
                0x00000040        0x0
                0x00000040                        __flash_noinit$$Base = .
 *(.flash_noinit)
                0x00000040                        __flash_noinit$$Limit = .

__ospi0_cs0_from_flash$$
                0x68000000        0x0 load address 0x00000040
                0x68000000                        __ospi0_cs0_from_flash$$Base = .
                0x00000040                        __ospi0_cs0_from_flash$$Load = LOADADDR (__ospi0_cs0_from_flash$$)
 *(.ospi0_cs0_from_flash)
 *(.ospi0_cs0_code_from_flash)
                0x68000000                        __ospi0_cs0_from_flash$$Limit = .

__ospi0_cs0_noinit_nocache$$
                0x68000000        0x0 load address 0x00000040
                0x68000000                        __ospi0_cs0_noinit_nocache$$Base = .
 *(.ospi0_cs0_noinit_nocache)
                0x68000000                        __ospi0_cs0_noinit_nocache$$Limit = .

__ospi0_cs0_zero_nocache$$
                0x68000000        0x0 load address 0x00000040
                0x68000000                        __ospi0_cs0_zero_nocache$$Base = .
 *(.ospi0_cs0_nocache)
                0x68000000                        . = ALIGN (0x20)
                0x68000000                        __ospi0_cs0_zero_nocache$$Limit = .

__ospi0_cs0_noinit$$
                0x68000000        0x0 load address 0x00000040
                0x68000000                        __ospi0_cs0_noinit$$Base = .
 *(.ospi0_cs0_noinit)
                0x68000000                        __ospi0_cs0_noinit$$Limit = .

__ospi0_cs0_zero$$
                0x68000000        0x0 load address 0x00000040
                0x68000000                        __ospi0_cs0_zero$$Base = .
 *(.ospi0_cs0)
                0x68000000                        __ospi0_cs0_zero$$Limit = .

.ospi0_cs0.endof
                0x68000000        0x0
                0x68000000                        __ddsc_OSPI0_CS0_END = .

__ram_from_flash$$
                0x20000000        0x0 load address 0x00000040
                0x20000000                        __ram_from_flash$$Base = .
                0x00000040                        __ram_from_flash$$Load = LOADADDR (__ram_from_flash$$)
 *(.ram_from_flash)
 *(.ram_code_from_flash)
 *(.data*)
 *(vtable)
                0x20000000                        __ram_from_flash$$Limit = .

__ram_noinit_nocache$$
                0x20000000        0x0 load address 0x00000040
                0x20000000                        __ram_noinit_nocache$$Base = .
 *(.ram_noinit_nocache)
                0x20000000                        __ram_noinit_nocache$$Limit = .

__ram_zero_nocache$$
                0x20000000        0x0 load address 0x00000040
                0x20000000                        __ram_zero_nocache$$Base = .
 *(.ram_nocache)
                0x20000000                        . = ALIGN (0x20)
                0x20000000                        __ram_zero_nocache$$Limit = .

__ram_noinit$$  0x20000000      0x41c load address 0x00000040
                0x20000000                        __ram_noinit$$Base = .
 *(.bss.g_heap)
 *(.bss.g_main_stack)
 .bss.g_main_stack
                0x20000000      0x400 ./ra/fsp/src/bsp/cmsis/Device/RENESAS/Source/startup.o
                0x20000000                g_main_stack
 *(.ram_noinit)
 .ram_noinit    0x20000400       0x1c ./ra/fsp/src/bsp/mcu/all/bsp_clocks.o
 *(.noinit)
                0x2000041c                        __ram_noinit$$Limit = .

__ram_zero$$    0x2000041c       0x84 load address 0x00000040
                0x2000041c                        __ram_zero$$Base = .
 *(.ram)
 *(.bss*)
 .bss.completed.1
                0x2000041c        0x1 D:/Regression/Toolchain/GNUARM_13.2.1/bin/../lib/gcc/arm-none-eabi/13.2.1/thumb/v8-m.main+fp/hard/crtbegin.o
 *fill*         0x2000041d        0x3 
 .bss.object.0  0x20000420       0x18 D:/Regression/Toolchain/GNUARM_13.2.1/bin/../lib/gcc/arm-none-eabi/13.2.1/thumb/v8-m.main+fp/hard/crtbegin.o
 .bss.cnt       0x20000438        0x4 ./src/hal_entry.o
                0x20000438                cnt
 .bss.j         0x2000043c        0x4 ./src/hal_entry.o
                0x2000043c                j
 .bss.i         0x20000440        0x4 ./src/hal_entry.o
                0x20000440                i
 .bss.g_ioport_ctrl
                0x20000444        0x8 ./ra_gen/common_data.o
                0x20000444                g_ioport_ctrl
 .bss.g_bsp_group_irq_sources
                0x2000044c       0x40 ./ra/fsp/src/bsp/mcu/all/bsp_group_irq.o
                0x2000044c                g_bsp_group_irq_sources
 .bss.g_protect_pfswe_counter
                0x2000048c        0x4 ./ra/fsp/src/bsp/mcu/all/bsp_io.o
                0x2000048c                g_protect_pfswe_counter
 .bss.g_protect_counters
                0x20000490        0xa ./ra/fsp/src/bsp/mcu/all/bsp_register_protection.o
                0x20000490                g_protect_counters
 *fill*         0x2000049a        0x2 
 .bss.SystemCoreClock
                0x2000049c        0x4 ./ra/fsp/src/bsp/cmsis/Device/RENESAS/Source/system.o
                0x2000049c                SystemCoreClock
                0x200004a0                        __ram_zero$$Limit = .

__ram_thread_stack$$
                0x200004a0        0x0 load address 0x00000040
                0x200004a0                        __ram_thread_stack$$Base = .
 *(.stack?*)
                0x200004a0                        __ram_thread_stack$$Limit = .

.ram.endof      0x20000600        0x0
                0x20000600                        __ddsc_RAM_END = .

__flash_readonly$$
                0x00000040      0xc50
                0x00000040                        __flash_readonly$$Base = .
 *(.flash)
 *(.flash_code)
 *(.text*)
 .text.deregister_tm_clones
                0x00000040       0x1c D:/Regression/Toolchain/GNUARM_13.2.1/bin/../lib/gcc/arm-none-eabi/13.2.1/thumb/v8-m.main+fp/hard/crtbegin.o
 .text.register_tm_clones
                0x0000005c       0x28 D:/Regression/Toolchain/GNUARM_13.2.1/bin/../lib/gcc/arm-none-eabi/13.2.1/thumb/v8-m.main+fp/hard/crtbegin.o
 .text.__do_global_dtors_aux
                0x00000084       0x28 D:/Regression/Toolchain/GNUARM_13.2.1/bin/../lib/gcc/arm-none-eabi/13.2.1/thumb/v8-m.main+fp/hard/crtbegin.o
 .text.frame_dummy
                0x000000ac       0x24 D:/Regression/Toolchain/GNUARM_13.2.1/bin/../lib/gcc/arm-none-eabi/13.2.1/thumb/v8-m.main+fp/hard/crtbegin.o
 .text.hal_entry
                0x000000d0       0x84 ./src/hal_entry.o
                0x000000d0                hal_entry
 .text.R_BSP_WarmStart
                0x00000154       0x18 ./src/hal_warmstart.o
                0x00000154                R_BSP_WarmStart
 .text.startup.main
                0x0000016c        0xc ./ra_gen/main.o
                0x0000016c                main
 .text.bsp_vbatt_init
                0x00000178       0xe8 ./ra/fsp/src/r_ioport/r_ioport.o
 .text.r_ioport_pins_config
                0x00000260       0xac ./ra/fsp/src/r_ioport/r_ioport.o
 .text.R_IOPORT_Open
                0x0000030c       0x14 ./ra/fsp/src/r_ioport/r_ioport.o
                0x0000030c                R_IOPORT_Open
 .text.SystemCoreClockUpdate
                0x00000320       0x28 ./ra/fsp/src/bsp/mcu/all/bsp_clocks.o
                0x00000320                SystemCoreClockUpdate
 .text.R_BSP_SubClockStabilizeWaitAfterReset
                0x00000348        0x4 ./ra/fsp/src/bsp/mcu/all/bsp_clocks.o
                0x00000348                R_BSP_SubClockStabilizeWaitAfterReset
 .text.bsp_clock_init
                0x0000034c      0x14c ./ra/fsp/src/bsp/mcu/all/bsp_clocks.o
                0x0000034c                bsp_clock_init
 .text.R_BSP_Init_RTC
                0x00000498       0xb0 ./ra/fsp/src/bsp/mcu/all/bsp_clocks.o
                0x00000498                R_BSP_Init_RTC
 .text.bsp_prv_software_delay_loop
                0x00000548        0xc ./ra/fsp/src/bsp/mcu/all/bsp_delay.o
                0x00000548                bsp_prv_software_delay_loop
 .text.R_BSP_SoftwareDelay
                0x00000554       0x8c ./ra/fsp/src/bsp/mcu/all/bsp_delay.o
                0x00000554                R_BSP_SoftwareDelay
 .text.NMI_Handler
                0x000005e0       0x3c ./ra/fsp/src/bsp/mcu/all/bsp_group_irq.o
                0x000005e0                NMI_Handler
 .text.bsp_irq_cfg
                0x0000061c       0x68 ./ra/fsp/src/bsp/mcu/all/bsp_irq.o
                0x0000061c                bsp_irq_cfg
 .text.R_BSP_RegisterProtectEnable
                0x00000684       0x60 ./ra/fsp/src/bsp/mcu/all/bsp_register_protection.o
                0x00000684                R_BSP_RegisterProtectEnable
 .text.R_BSP_RegisterProtectDisable
                0x000006e4       0x54 ./ra/fsp/src/bsp/mcu/all/bsp_register_protection.o
                0x000006e4                R_BSP_RegisterProtectDisable
 .text.Default_Handler
                0x00000738        0x4 ./ra/fsp/src/bsp/cmsis/Device/RENESAS/Source/startup.o
                0x00000738                DebugMon_Handler
                0x00000738                HardFault_Handler
                0x00000738                SysTick_Handler
                0x00000738                PendSV_Handler
                0x00000738                UsageFault_Handler
                0x00000738                SecureFault_Handler
                0x00000738                Default_Handler
                0x00000738                MemManage_Handler
                0x00000738                SVC_Handler
                0x00000738                BusFault_Handler
 .text.Reset_Handler
                0x0000073c        0xc ./ra/fsp/src/bsp/cmsis/Device/RENESAS/Source/startup.o
                0x0000073c                Reset_Handler
 .text.SystemRuntimeInit
                0x00000748       0x64 ./ra/fsp/src/bsp/cmsis/Device/RENESAS/Source/system.o
 .text.SystemInit
                0x000007ac       0xc0 ./ra/fsp/src/bsp/cmsis/Device/RENESAS/Source/system.o
                0x000007ac                SystemInit
 .text.bsp_init
                0x0000086c        0x4 ./ra/board/ra6m4_ek/board_init.o
                0x0000086c                bsp_init
 .text.memset   0x00000870       0x10 D:/Regression/Toolchain/GNUARM_13.2.1/bin/../lib/gcc/arm-none-eabi/13.2.1/thumb/v8-m.main+fp/hard\libg_nano.a(libc_a-memset.o)
                0x00000870                memset
 .text.memcpy   0x00000880       0x1a D:/Regression/Toolchain/GNUARM_13.2.1/bin/../lib/gcc/arm-none-eabi/13.2.1/thumb/v8-m.main+fp/hard\libg_nano.a(libc_a-memcpy-stub.o)
                0x00000880                memcpy
 *(.rodata*)
 *fill*         0x0000089a        0x2 
 .rodata.g_bsp_pin_cfg
                0x0000089c        0xc ./ra_gen/pin_data.o
                0x0000089c                g_bsp_pin_cfg
 .rodata.g_bsp_pin_cfg_data
                0x000008a8      0x298 ./ra_gen/pin_data.o
                0x000008a8                g_bsp_pin_cfg_data
 .rodata.g_vbatt_pins_input
                0x00000b40        0x6 ./ra/fsp/src/r_ioport/r_ioport.o
 *fill*         0x00000b46        0x2 
 .rodata.g_init_info
                0x00000b48       0x18 ./ra/fsp/src/bsp/mcu/ra6m4/bsp_linker.o
                0x00000b48                g_init_info
 .rodata.nocache_list
                0x00000b60       0x10 ./ra/fsp/src/bsp/mcu/ra6m4/bsp_linker.o
 .rodata.copy_list
                0x00000b70       0x80 ./ra/fsp/src/bsp/mcu/ra6m4/bsp_linker.o
 .rodata.zero_list
                0x00000bf0       0x30 ./ra/fsp/src/bsp/mcu/ra6m4/bsp_linker.o
 .rodata.g_interrupt_event_link_select
                0x00000c20        0x2 ./ra/fsp/src/bsp/mcu/all/bsp_irq.o
                0x00000c20                g_interrupt_event_link_select
 *fill*         0x00000c22        0x2 
 .rodata.g_prcr_masks
                0x00000c24        0xa ./ra/fsp/src/bsp/mcu/all/bsp_register_protection.o
 *(.mcuboot_sce9_key)
 *(.version)
 *fill*         0x00000c2e        0x2 
 .version       0x00000c30       0x60 ./ra/fsp/src/bsp/mcu/all/bsp_common.o
                0x00000c90                        __flash_readonly$$Limit = .

.glue_7         0x00000c90        0x0
 .glue_7        0x00000c90        0x0 linker stubs

.glue_7t        0x00000c90        0x0
 .glue_7t       0x00000c90        0x0 linker stubs

.vfp11_veneer   0x00000c90        0x0
 .vfp11_veneer  0x00000c90        0x0 linker stubs

.v4_bx          0x00000c90        0x0
 .v4_bx         0x00000c90        0x0 linker stubs

.init           0x00000c90        0x4
 .init          0x00000c90        0x4 D:/Regression/Toolchain/GNUARM_13.2.1/bin/../lib/gcc/arm-none-eabi/13.2.1/thumb/v8-m.main+fp/hard/crti.o
                0x00000c90                _init

.fini           0x00000c94        0x4
 .fini          0x00000c94        0x4 D:/Regression/Toolchain/GNUARM_13.2.1/bin/../lib/gcc/arm-none-eabi/13.2.1/thumb/v8-m.main+fp/hard/crti.o
                0x00000c94                _fini

.iplt           0x00000c98        0x0
 .iplt          0x00000c98        0x0 D:/Regression/Toolchain/GNUARM_13.2.1/bin/../lib/gcc/arm-none-eabi/13.2.1/thumb/v8-m.main+fp/hard/crtbegin.o

__flash_ctor$$
 *crtbegin.o(.ctors)
 *crtbegin?.o(.ctors)
 EXCLUDE_FILE(*crtend.o *crtend?.o) *(.ctors)
 *(SORT_BY_NAME(.ctors.*))
 *(.ctors)
 *crtbegin.o(.dtors)
 *crtbegin?.o(.dtors)
 EXCLUDE_FILE(*crtend.o *crtend?.o) *(.dtors)
 *(SORT_BY_NAME(.dtors.*))
 *(.dtors)

__flash_preinit_array$$
                0x00000c98        0x0
                0x00000c98                        __preinit_array_start = .
 *(.preinit_array)
                0x00000c98                        __preinit_array_end = .

__flash_.got$$
 *(.got.plt)
 *(.got)

__flash_init_array$$
                0x00000c98        0x4
                0x00000c98                        __init_array_start = .
 *(SORT_BY_NAME(.init_array.*))
 *(.init_array)
 .init_array    0x00000c98        0x4 D:/Regression/Toolchain/GNUARM_13.2.1/bin/../lib/gcc/arm-none-eabi/13.2.1/thumb/v8-m.main+fp/hard/crtbegin.o
                0x00000c9c                        __init_array_end = .

__flash_fini_array$$
                0x00000c9c        0x4
                0x00000c9c                        __fini_array_start = .
 *(SORT_BY_NAME(.fini_array.*))
 *(.fini_array)
 .fini_array    0x00000c9c        0x4 D:/Regression/Toolchain/GNUARM_13.2.1/bin/../lib/gcc/arm-none-eabi/13.2.1/thumb/v8-m.main+fp/hard/crtbegin.o
                0x00000ca0                        __fini_array_end = .

__flash_arm.extab$$
 *(.ARM.extab*)
 *(.gnu.linkonce.armextab.*)

__flash_arm.exidx$$
                0x00000ca0        0x0
                0x00000ca0                        __exidx_start = .
 *(.ARM.exidx*)
 *(.gnu.linkonce.armexidx.*)
                0x00000ca0                        __exidx_end = .

.flash.endof    0x00000e00        0x0
                0x00000e00                        __ddsc_FLASH_END = .

.option_setting_ofs0.startof
                0x0100a100        0x0
                0x0100a100                        __ddsc_OPTION_SETTING_OFS0_START = .

__option_setting_ofs0_reg$$
                0x0100a100        0x4
                0x0100a100                        __option_setting_ofs0_reg$$Base = .
 *(.option_setting_ofs0)
 .option_setting_ofs0
                0x0100a100        0x4 ./ra/fsp/src/bsp/mcu/ra6m4/bsp_linker.o
                0x0100a104                        __option_setting_ofs0_reg$$Limit = .

.option_setting_ofs0.endof
                0x0100a104        0x0
                0x0100a104                        __ddsc_OPTION_SETTING_OFS0_END = .

.option_setting_dualsel.startof
                0x0100a110        0x0
                0x0100a110                        __ddsc_OPTION_SETTING_DUALSEL_START = .

__option_setting_dualsel_reg$$
                0x0100a110        0x0
                0x0100a110                        __option_setting_dualsel_reg$$Base = .
 *(.option_setting_dualsel)
                0x0100a110                        __option_setting_dualsel_reg$$Limit = .

.option_setting_dualsel.endof
                0x0100a110        0x0
                0x0100a110                        __ddsc_OPTION_SETTING_DUALSEL_END = .

.option_setting_ofs1.startof
                0x0100a180        0x0
                0x0100a180                        __ddsc_OPTION_SETTING_OFS1_START = .

__option_setting_ofs1_reg$$
                0x0100a180        0x0
                0x0100a180                        __option_setting_ofs1_reg$$Base = .
 *(.option_setting_ofs1)
                0x0100a180                        __option_setting_ofs1_reg$$Limit = .

.option_setting_ofs1.endof
                0x0100a180        0x0
                0x0100a180                        __ddsc_OPTION_SETTING_OFS1_END = .

.option_setting_banksel.startof
                0x0100a190        0x0
                0x0100a190                        __ddsc_OPTION_SETTING_BANKSEL_START = .

__option_setting_banksel_reg$$
                0x0100a190        0x0
                0x0100a190                        __option_setting_banksel_reg$$Base = .
 *(.option_setting_banksel)
                0x0100a190                        __option_setting_banksel_reg$$Limit = .

.option_setting_banksel.endof
                0x0100a190        0x0
                0x0100a190                        __ddsc_OPTION_SETTING_BANKSEL_END = .

.option_setting_bps.startof
                0x0100a1c0        0x0
                0x0100a1c0                        __ddsc_OPTION_SETTING_BPS_START = .

__option_setting_bps_reg$$
                0x0100a1c0        0x0
                0x0100a1c0                        __option_setting_bps_reg$$Base = .
 *(.option_setting_bps)
                0x0100a1c0                        __option_setting_bps_reg$$Limit = .

.option_setting_bps.endof
                0x0100a1c0        0x0
                0x0100a1c0                        __ddsc_OPTION_SETTING_BPS_END = .

.option_setting_pbps.startof
                0x0100a1e0        0x0
                0x0100a1e0                        __ddsc_OPTION_SETTING_PBPS_START = .

__option_setting_pbps_reg$$
                0x0100a1e0        0x0
                0x0100a1e0                        __option_setting_pbps_reg$$Base = .
 *(.option_setting_pbps)
                0x0100a1e0                        __option_setting_pbps_reg$$Limit = .

.option_setting_pbps.endof
                0x0100a1e0        0x0
                0x0100a1e0                        __ddsc_OPTION_SETTING_PBPS_END = .

.option_setting_ofs1_sec.startof
                0x0100a200        0x0
                0x0100a200                        __ddsc_OPTION_SETTING_OFS1_SEC_START = .

__option_setting_ofs1_sec_reg$$
                0x0100a200        0x4
                0x0100a200                        __option_setting_ofs1_sec_reg$$Base = .
 *(.option_setting_ofs1_sec)
 .option_setting_ofs1_sec
                0x0100a200        0x4 ./ra/fsp/src/bsp/mcu/ra6m4/bsp_linker.o
                0x0100a204                        __option_setting_ofs1_sec_reg$$Limit = .

.option_setting_ofs1_sec.endof
                0x0100a204        0x0
                0x0100a204                        __ddsc_OPTION_SETTING_OFS1_SEC_END = .

.option_setting_banksel_sec.startof
                0x0100a210        0x0
                0x0100a210                        __ddsc_OPTION_SETTING_BANKSEL_SEC_START = .

__option_setting_banksel_sec_reg$$
                0x0100a210        0x0
                0x0100a210                        __option_setting_banksel_sec_reg$$Base = .
 *(.option_setting_banksel_sec)
                0x0100a210                        __option_setting_banksel_sec_reg$$Limit = .

.option_setting_banksel_sec.endof
                0x0100a210        0x0
                0x0100a210                        __ddsc_OPTION_SETTING_BANKSEL_SEC_END = .

.option_setting_bps_sec.startof
                0x0100a240        0x0
                0x0100a240                        __ddsc_OPTION_SETTING_BPS_SEC_START = .

__option_setting_bps_sec_reg$$
                0x0100a240        0x0
                0x0100a240                        __option_setting_bps_sec_reg$$Base = .
 *(.option_setting_bps_sec)
                0x0100a240                        __option_setting_bps_sec_reg$$Limit = .

.option_setting_bps_sec.endof
                0x0100a240        0x0
                0x0100a240                        __ddsc_OPTION_SETTING_BPS_SEC_END = .

.option_setting_pbps_sec.startof
                0x0100a260        0x0
                0x0100a260                        __ddsc_OPTION_SETTING_PBPS_SEC_START = .

__option_setting_pbps_sec_reg$$
                0x0100a260        0x0
                0x0100a260                        __option_setting_pbps_sec_reg$$Base = .
 *(.option_setting_pbps_sec)
                0x0100a260                        __option_setting_pbps_sec_reg$$Limit = .

.option_setting_pbps_sec.endof
                0x0100a260        0x0
                0x0100a260                        __ddsc_OPTION_SETTING_PBPS_SEC_END = .

.option_setting_ofs1_sel.startof
                0x0100a280        0x0
                0x0100a280                        __ddsc_OPTION_SETTING_OFS1_SEL_START = .

__option_setting_ofs1_sel_reg$$
                0x0100a280        0x4
                0x0100a280                        __option_setting_ofs1_sel_reg$$Base = .
 *(.option_setting_ofs1_sel)
 .option_setting_ofs1_sel
                0x0100a280        0x4 ./ra/fsp/src/bsp/mcu/ra6m4/bsp_linker.o
                0x0100a284                        __option_setting_ofs1_sel_reg$$Limit = .

.eh_frame       0x0100a284        0x0
 .eh_frame      0x0100a284        0x0 D:/Regression/Toolchain/GNUARM_13.2.1/bin/../lib/gcc/arm-none-eabi/13.2.1/thumb/v8-m.main+fp/hard/crtbegin.o

.rel.dyn        0x0100a284        0x0
 .rel.iplt      0x0100a284        0x0 D:/Regression/Toolchain/GNUARM_13.2.1/bin/../lib/gcc/arm-none-eabi/13.2.1/thumb/v8-m.main+fp/hard/crtbegin.o

.tm_clone_table
                0x0100a284        0x0
 .tm_clone_table
                0x0100a284        0x0 D:/Regression/Toolchain/GNUARM_13.2.1/bin/../lib/gcc/arm-none-eabi/13.2.1/thumb/v8-m.main+fp/hard/crtbegin.o
 .tm_clone_table
                0x0100a284        0x0 D:/Regression/Toolchain/GNUARM_13.2.1/bin/../lib/gcc/arm-none-eabi/13.2.1/thumb/v8-m.main+fp/hard/crtend.o

.igot.plt       0x00000ca0        0x0
 .igot.plt      0x00000ca0        0x0 D:/Regression/Toolchain/GNUARM_13.2.1/bin/../lib/gcc/arm-none-eabi/13.2.1/thumb/v8-m.main+fp/hard/crtbegin.o

.option_setting_ofs1_sel.endof
                0x0100a284        0x0
                0x0100a284                        __ddsc_OPTION_SETTING_OFS1_SEL_END = .

.option_setting_banksel_sel.startof
                0x0100a290        0x0
                0x0100a290                        __ddsc_OPTION_SETTING_BANKSEL_SEL_START = .

__option_setting_banksel_sel_reg$$
                0x0100a290        0x0
                0x0100a290                        __option_setting_banksel_sel_reg$$Base = .
 *(.option_setting_banksel_sel)
                0x0100a290                        __option_setting_banksel_sel_reg$$Limit = .

.option_setting_banksel_sel.endof
                0x0100a290        0x0
                0x0100a290                        __ddsc_OPTION_SETTING_BANKSEL_SEL_END = .

.option_setting_bps_sel.startof
                0x0100a2c0        0x0
                0x0100a2c0                        __ddsc_OPTION_SETTING_BPS_SEL_START = .

__option_setting_bps_sel_reg$$
                0x0100a2c0        0x0
                0x0100a2c0                        __option_setting_bps_sel_reg$$Base = .
 *(.option_setting_bps_sel)
                0x0100a2c0                        __option_setting_bps_sel_reg$$Limit = .

.option_setting_bps_sel.endof
                0x0100a2c0        0x0
                0x0100a2c0                        __ddsc_OPTION_SETTING_BPS_SEL_END = .
OUTPUT(RA_Flat.elf elf32-littlearm)
LOAD linker stubs

.ARM.attributes
                0x00000000       0x36
 .ARM.attributes
                0x00000000       0x26 D:/Regression/Toolchain/GNUARM_13.2.1/bin/../lib/gcc/arm-none-eabi/13.2.1/thumb/v8-m.main+fp/hard/crti.o
 .ARM.attributes
                0x00000026       0x38 D:/Regression/Toolchain/GNUARM_13.2.1/bin/../lib/gcc/arm-none-eabi/13.2.1/thumb/v8-m.main+fp/hard/crtbegin.o
 .ARM.attributes
                0x0000005e       0x3a ./src/hal_entry.o
 .ARM.attributes
                0x00000098       0x3a ./src/hal_warmstart.o
 .ARM.attributes
                0x000000d2       0x3a ./ra_gen/common_data.o
 .ARM.attributes
                0x0000010c       0x3a ./ra_gen/main.o
 .ARM.attributes
                0x00000146       0x3a ./ra_gen/pin_data.o
 .ARM.attributes
                0x00000180       0x3a ./ra/fsp/src/r_ioport/r_ioport.o
 .ARM.attributes
                0x000001ba       0x3a ./ra/fsp/src/bsp/mcu/ra6m4/bsp_linker.o
 .ARM.attributes
                0x000001f4       0x3a ./ra/fsp/src/bsp/mcu/all/bsp_clocks.o
 .ARM.attributes
                0x0000022e       0x3a ./ra/fsp/src/bsp/mcu/all/bsp_common.o
 .ARM.attributes
                0x00000268       0x3a ./ra/fsp/src/bsp/mcu/all/bsp_delay.o
 .ARM.attributes
                0x000002a2       0x3a ./ra/fsp/src/bsp/mcu/all/bsp_group_irq.o
 .ARM.attributes
                0x000002dc       0x3a ./ra/fsp/src/bsp/mcu/all/bsp_io.o
 .ARM.attributes
                0x00000316       0x3a ./ra/fsp/src/bsp/mcu/all/bsp_irq.o
 .ARM.attributes
                0x00000350       0x3a ./ra/fsp/src/bsp/mcu/all/bsp_register_protection.o
 .ARM.attributes
                0x0000038a       0x3a ./ra/fsp/src/bsp/cmsis/Device/RENESAS/Source/startup.o
 .ARM.attributes
                0x000003c4       0x3a ./ra/fsp/src/bsp/cmsis/Device/RENESAS/Source/system.o
 .ARM.attributes
                0x000003fe       0x3a ./ra/board/ra6m4_ek/board_init.o
 .ARM.attributes
                0x00000438       0x38 D:/Regression/Toolchain/GNUARM_13.2.1/bin/../lib/gcc/arm-none-eabi/13.2.1/thumb/v8-m.main+fp/hard\libg_nano.a(libc_a-memset.o)
 .ARM.attributes
                0x00000470       0x38 D:/Regression/Toolchain/GNUARM_13.2.1/bin/../lib/gcc/arm-none-eabi/13.2.1/thumb/v8-m.main+fp/hard\libg_nano.a(libc_a-memcpy-stub.o)
 .ARM.attributes
                0x000004a8       0x38 D:/Regression/Toolchain/GNUARM_13.2.1/bin/../lib/gcc/arm-none-eabi/13.2.1/thumb/v8-m.main+fp/hard/crtend.o

.comment        0x00000000       0x44
 .comment       0x00000000       0x44 ./src/hal_entry.o
                                 0x45 (size before relaxing)
 .comment       0x00000044       0x45 ./src/hal_warmstart.o
 .comment       0x00000044       0x45 ./ra_gen/common_data.o
 .comment       0x00000044       0x45 ./ra_gen/main.o
 .comment       0x00000044       0x45 ./ra_gen/pin_data.o
 .comment       0x00000044       0x45 ./ra/fsp/src/r_ioport/r_ioport.o
 .comment       0x00000044       0x45 ./ra/fsp/src/bsp/mcu/ra6m4/bsp_linker.o
 .comment       0x00000044       0x45 ./ra/fsp/src/bsp/mcu/all/bsp_clocks.o
 .comment       0x00000044       0x45 ./ra/fsp/src/bsp/mcu/all/bsp_common.o
 .comment       0x00000044       0x45 ./ra/fsp/src/bsp/mcu/all/bsp_delay.o
 .comment       0x00000044       0x45 ./ra/fsp/src/bsp/mcu/all/bsp_group_irq.o
 .comment       0x00000044       0x45 ./ra/fsp/src/bsp/mcu/all/bsp_io.o
 .comment       0x00000044       0x45 ./ra/fsp/src/bsp/mcu/all/bsp_irq.o
 .comment       0x00000044       0x45 ./ra/fsp/src/bsp/mcu/all/bsp_register_protection.o
 .comment       0x00000044       0x45 ./ra/fsp/src/bsp/cmsis/Device/RENESAS/Source/startup.o
 .comment       0x00000044       0x45 ./ra/fsp/src/bsp/cmsis/Device/RENESAS/Source/system.o
 .comment       0x00000044       0x45 ./ra/board/ra6m4_ek/board_init.o

.debug_info     0x00000000    0x1a32b
 .debug_info    0x00000000      0x8ff ./src/hal_entry.o
 .debug_info    0x000008ff      0xfef ./src/hal_warmstart.o
 .debug_info    0x000018ee     0x1253 ./ra_gen/common_data.o
 .debug_info    0x00002b41       0xaa ./ra_gen/main.o
 .debug_info    0x00002beb      0xa31 ./ra_gen/pin_data.o
 .debug_info    0x0000361c     0x7704 ./ra/fsp/src/r_ioport/r_ioport.o
 .debug_info    0x0000ad20      0x4e6 ./ra/fsp/src/bsp/mcu/ra6m4/bsp_linker.o
 .debug_info    0x0000b206     0x64de ./ra/fsp/src/bsp/mcu/all/bsp_clocks.o
 .debug_info    0x000116e4      0x966 ./ra/fsp/src/bsp/mcu/all/bsp_common.o
 .debug_info    0x0001204a      0x204 ./ra/fsp/src/bsp/mcu/all/bsp_delay.o
 .debug_info    0x0001224e     0x135a ./ra/fsp/src/bsp/mcu/all/bsp_group_irq.o
 .debug_info    0x000135a8       0xb2 ./ra/fsp/src/bsp/mcu/all/bsp_io.o
 .debug_info    0x0001365a     0x1f84 ./ra/fsp/src/bsp/mcu/all/bsp_irq.o
 .debug_info    0x000155de     0x3912 ./ra/fsp/src/bsp/mcu/all/bsp_register_protection.o
 .debug_info    0x00018ef0      0x187 ./ra/fsp/src/bsp/cmsis/Device/RENESAS/Source/startup.o
 .debug_info    0x00019077     0x120f ./ra/fsp/src/bsp/cmsis/Device/RENESAS/Source/system.o
 .debug_info    0x0001a286       0xa5 ./ra/board/ra6m4_ek/board_init.o

.debug_abbrev   0x00000000     0x1e35
 .debug_abbrev  0x00000000      0x171 ./src/hal_entry.o
 .debug_abbrev  0x00000171      0x158 ./src/hal_warmstart.o
 .debug_abbrev  0x000002c9      0x13a ./ra_gen/common_data.o
 .debug_abbrev  0x00000403       0x61 ./ra_gen/main.o
 .debug_abbrev  0x00000464       0xff ./ra_gen/pin_data.o
 .debug_abbrev  0x00000563      0x49c ./ra/fsp/src/r_ioport/r_ioport.o
 .debug_abbrev  0x000009ff       0xe3 ./ra/fsp/src/bsp/mcu/ra6m4/bsp_linker.o
 .debug_abbrev  0x00000ae2      0x433 ./ra/fsp/src/bsp/mcu/all/bsp_clocks.o
 .debug_abbrev  0x00000f15      0x188 ./ra/fsp/src/bsp/mcu/all/bsp_common.o
 .debug_abbrev  0x0000109d      0x10d ./ra/fsp/src/bsp/mcu/all/bsp_delay.o
 .debug_abbrev  0x000011aa      0x256 ./ra/fsp/src/bsp/mcu/all/bsp_group_irq.o
 .debug_abbrev  0x00001400       0x5e ./ra/fsp/src/bsp/mcu/all/bsp_io.o
 .debug_abbrev  0x0000145e      0x285 ./ra/fsp/src/bsp/mcu/all/bsp_irq.o
 .debug_abbrev  0x000016e3      0x27d ./ra/fsp/src/bsp/mcu/all/bsp_register_protection.o
 .debug_abbrev  0x00001960      0x102 ./ra/fsp/src/bsp/cmsis/Device/RENESAS/Source/startup.o
 .debug_abbrev  0x00001a62      0x378 ./ra/fsp/src/bsp/cmsis/Device/RENESAS/Source/system.o
 .debug_abbrev  0x00001dda       0x5b ./ra/board/ra6m4_ek/board_init.o

.debug_aranges  0x00000000      0x318
 .debug_aranges
                0x00000000       0x30 ./src/hal_entry.o
 .debug_aranges
                0x00000030       0x20 ./src/hal_warmstart.o
 .debug_aranges
                0x00000050       0x20 ./ra_gen/common_data.o
 .debug_aranges
                0x00000070       0x20 ./ra_gen/main.o
 .debug_aranges
                0x00000090       0x18 ./ra_gen/pin_data.o
 .debug_aranges
                0x000000a8       0x90 ./ra/fsp/src/r_ioport/r_ioport.o
 .debug_aranges
                0x00000138       0x18 ./ra/fsp/src/bsp/mcu/ra6m4/bsp_linker.o
 .debug_aranges
                0x00000150       0x70 ./ra/fsp/src/bsp/mcu/all/bsp_clocks.o
 .debug_aranges
                0x000001c0       0x30 ./ra/fsp/src/bsp/mcu/all/bsp_common.o
 .debug_aranges
                0x000001f0       0x28 ./ra/fsp/src/bsp/mcu/all/bsp_delay.o
 .debug_aranges
                0x00000218       0x28 ./ra/fsp/src/bsp/mcu/all/bsp_group_irq.o
 .debug_aranges
                0x00000240       0x18 ./ra/fsp/src/bsp/mcu/all/bsp_io.o
 .debug_aranges
                0x00000258       0x20 ./ra/fsp/src/bsp/mcu/all/bsp_irq.o
 .debug_aranges
                0x00000278       0x28 ./ra/fsp/src/bsp/mcu/all/bsp_register_protection.o
 .debug_aranges
                0x000002a0       0x28 ./ra/fsp/src/bsp/cmsis/Device/RENESAS/Source/startup.o
 .debug_aranges
                0x000002c8       0x30 ./ra/fsp/src/bsp/cmsis/Device/RENESAS/Source/system.o
 .debug_aranges
                0x000002f8       0x20 ./ra/board/ra6m4_ek/board_init.o

.debug_rnglists
                0x00000000      0x381
 .debug_rnglists
                0x00000000       0x20 ./src/hal_entry.o
 .debug_rnglists
                0x00000020       0x13 ./src/hal_warmstart.o
 .debug_rnglists
                0x00000033       0x13 ./ra_gen/common_data.o
 .debug_rnglists
                0x00000046       0x13 ./ra_gen/main.o
 .debug_rnglists
                0x00000059       0xbc ./ra/fsp/src/r_ioport/r_ioport.o
 .debug_rnglists
                0x00000115      0x118 ./ra/fsp/src/bsp/mcu/all/bsp_clocks.o
 .debug_rnglists
                0x0000022d       0x1f ./ra/fsp/src/bsp/mcu/all/bsp_common.o
 .debug_rnglists
                0x0000024c       0x35 ./ra/fsp/src/bsp/mcu/all/bsp_delay.o
 .debug_rnglists
                0x00000281       0x37 ./ra/fsp/src/bsp/mcu/all/bsp_group_irq.o
 .debug_rnglists
                0x000002b8       0x31 ./ra/fsp/src/bsp/mcu/all/bsp_irq.o
 .debug_rnglists
                0x000002e9       0x31 ./ra/fsp/src/bsp/mcu/all/bsp_register_protection.o
 .debug_rnglists
                0x0000031a       0x19 ./ra/fsp/src/bsp/cmsis/Device/RENESAS/Source/startup.o
 .debug_rnglists
                0x00000333       0x3b ./ra/fsp/src/bsp/cmsis/Device/RENESAS/Source/system.o
 .debug_rnglists
                0x0000036e       0x13 ./ra/board/ra6m4_ek/board_init.o

.debug_line     0x00000000     0x38ac
 .debug_line    0x00000000      0x2af ./src/hal_entry.o
 .debug_line    0x000002af      0x282 ./src/hal_warmstart.o
 .debug_line    0x00000531      0x22d ./ra_gen/common_data.o
 .debug_line    0x0000075e       0x5e ./ra_gen/main.o
 .debug_line    0x000007bc      0x1ad ./ra_gen/pin_data.o
 .debug_line    0x00000969      0xa9d ./ra/fsp/src/r_ioport/r_ioport.o
 .debug_line    0x00001406      0x105 ./ra/fsp/src/bsp/mcu/ra6m4/bsp_linker.o
 .debug_line    0x0000150b      0xbc3 ./ra/fsp/src/bsp/mcu/all/bsp_clocks.o
 .debug_line    0x000020ce      0x225 ./ra/fsp/src/bsp/mcu/all/bsp_common.o
 .debug_line    0x000022f3      0x283 ./ra/fsp/src/bsp/mcu/all/bsp_delay.o
 .debug_line    0x00002576      0x2a5 ./ra/fsp/src/bsp/mcu/all/bsp_group_irq.o
 .debug_line    0x0000281b      0x12f ./ra/fsp/src/bsp/mcu/all/bsp_io.o
 .debug_line    0x0000294a      0x426 ./ra/fsp/src/bsp/mcu/all/bsp_irq.o
 .debug_line    0x00002d70      0x35d ./ra/fsp/src/bsp/mcu/all/bsp_register_protection.o
 .debug_line    0x000030cd      0x19b ./ra/fsp/src/bsp/cmsis/Device/RENESAS/Source/startup.o
 .debug_line    0x00003268      0x5ea ./ra/fsp/src/bsp/cmsis/Device/RENESAS/Source/system.o
 .debug_line    0x00003852       0x5a ./ra/board/ra6m4_ek/board_init.o

.debug_str      0x00000000     0xa03d
 .debug_str     0x00000000     0xa03d ./src/hal_entry.o
                               0x17da (size before relaxing)
 .debug_str     0x0000a03d     0x31f8 ./src/hal_warmstart.o
 .debug_str     0x0000a03d     0x33c3 ./ra_gen/common_data.o
 .debug_str     0x0000a03d      0x1d0 ./ra_gen/main.o
 .debug_str     0x0000a03d     0x1da6 ./ra_gen/pin_data.o
 .debug_str     0x0000a03d     0x5d33 ./ra/fsp/src/r_ioport/r_ioport.o
 .debug_str     0x0000a03d      0x8ab ./ra/fsp/src/bsp/mcu/ra6m4/bsp_linker.o
 .debug_str     0x0000a03d     0x2d11 ./ra/fsp/src/bsp/mcu/all/bsp_clocks.o
 .debug_str     0x0000a03d     0x1cb8 ./ra/fsp/src/bsp/mcu/all/bsp_common.o
 .debug_str     0x0000a03d      0x320 ./ra/fsp/src/bsp/mcu/all/bsp_delay.o
 .debug_str     0x0000a03d     0x221f ./ra/fsp/src/bsp/mcu/all/bsp_group_irq.o
 .debug_str     0x0000a03d      0x1ff ./ra/fsp/src/bsp/mcu/all/bsp_io.o
 .debug_str     0x0000a03d     0x2653 ./ra/fsp/src/bsp/mcu/all/bsp_irq.o
 .debug_str     0x0000a03d     0x1b78 ./ra/fsp/src/bsp/mcu/all/bsp_register_protection.o
 .debug_str     0x0000a03d      0x26e ./ra/fsp/src/bsp/cmsis/Device/RENESAS/Source/startup.o
 .debug_str     0x0000a03d      0xad0 ./ra/fsp/src/bsp/cmsis/Device/RENESAS/Source/system.o
 .debug_str     0x0000a03d      0x1e2 ./ra/board/ra6m4_ek/board_init.o

.debug_frame    0x00000000      0x57c
 .debug_frame   0x00000000       0x44 ./src/hal_entry.o
 .debug_frame   0x00000044       0x20 ./src/hal_warmstart.o
 .debug_frame   0x00000064       0x20 ./ra_gen/common_data.o
 .debug_frame   0x00000084       0x28 ./ra_gen/main.o
 .debug_frame   0x000000ac      0x17c ./ra/fsp/src/r_ioport/r_ioport.o
 .debug_frame   0x00000228      0x110 ./ra/fsp/src/bsp/mcu/all/bsp_clocks.o
 .debug_frame   0x00000338       0x40 ./ra/fsp/src/bsp/mcu/all/bsp_common.o
 .debug_frame   0x00000378       0x4c ./ra/fsp/src/bsp/mcu/all/bsp_delay.o
 .debug_frame   0x000003c4       0x3c ./ra/fsp/src/bsp/mcu/all/bsp_group_irq.o
 .debug_frame   0x00000400       0x30 ./ra/fsp/src/bsp/mcu/all/bsp_irq.o
 .debug_frame   0x00000430       0x48 ./ra/fsp/src/bsp/mcu/all/bsp_register_protection.o
 .debug_frame   0x00000478       0x38 ./ra/fsp/src/bsp/cmsis/Device/RENESAS/Source/startup.o
 .debug_frame   0x000004b0       0x64 ./ra/fsp/src/bsp/cmsis/Device/RENESAS/Source/system.o
 .debug_frame   0x00000514       0x20 ./ra/board/ra6m4_ek/board_init.o
 .debug_frame   0x00000534       0x20 D:/Regression/Toolchain/GNUARM_13.2.1/bin/../lib/gcc/arm-none-eabi/13.2.1/thumb/v8-m.main+fp/hard\libg_nano.a(libc_a-memset.o)
 .debug_frame   0x00000554       0x28 D:/Regression/Toolchain/GNUARM_13.2.1/bin/../lib/gcc/arm-none-eabi/13.2.1/thumb/v8-m.main+fp/hard\libg_nano.a(libc_a-memcpy-stub.o)

.debug_loclists
                0x00000000      0xfcf
 .debug_loclists
                0x00000000       0x29 ./src/hal_warmstart.o
 .debug_loclists
                0x00000029      0x7c8 ./ra/fsp/src/r_ioport/r_ioport.o
 .debug_loclists
                0x000007f1      0x3f8 ./ra/fsp/src/bsp/mcu/all/bsp_clocks.o
 .debug_loclists
                0x00000be9       0x20 ./ra/fsp/src/bsp/mcu/all/bsp_common.o
 .debug_loclists
                0x00000c09      0x199 ./ra/fsp/src/bsp/mcu/all/bsp_delay.o
 .debug_loclists
                0x00000da2       0x73 ./ra/fsp/src/bsp/mcu/all/bsp_group_irq.o
 .debug_loclists
                0x00000e15       0x76 ./ra/fsp/src/bsp/mcu/all/bsp_irq.o
 .debug_loclists
                0x00000e8b       0xa7 ./ra/fsp/src/bsp/mcu/all/bsp_register_protection.o
 .debug_loclists
                0x00000f32       0x9d ./ra/fsp/src/bsp/cmsis/Device/RENESAS/Source/system.o
